exports[`test renders correctly 1`] = `
Object {
  "error": null,
  "isFetching": false,
  "venues": Array [
    Object {
      "_id": "id",
      "name": "venueTest",
    },
  ],
  "version": 1,
}
`;
