exports[`test renders correctly 1`] = `
<View
  style={
    Object {
      "backgroundColor": "#e9e9e9",
      "flex": 1,
    }
  }>
  <Image
    resizeMode="cover"
    source={
      Object {
        "uri": "http://192.168.0.10:3000/venues/5834b73cb5cb2c65d95f7cea/image",
      }
    }
    style={
      Object {
        "height": 200.1,
        "width": 375,
      }
    } />
  <ScrollView
    style={Object {}}>
    <VenueDescription
      venue={
        Object {
          "_id": "5834b73cb5cb2c65d95f7cea",
          "address": Object {
            "formatted": Array [
              "2 univ street",
              "5200 Belfast",
              "UK",
            ],
          },
          "categories": Array [],
          "contact": Object {
            "formattedPhone": "(060) 25-65",
          },
          "name": "Test venue",
        }
      } />
    <Tasks
      goToTask={[Function]}
      tasks={Array []} />
  </ScrollView>
</View>
`;
